{"id":"1","logGroup":"example-log-group","logStream":"example-log-stream","message":"Error: Unable to connect to database server","messageType":"DATA_MESSAGE","owner":"123456789012","subscriptionFilters":["example-filter"],"timestamp":1620678200}
{"id":"2","logGroup":"example-log-group","logStream":"example-log-stream","message":"Warning: High CPU usage detected","messageType":"DATA_MESSAGE","owner":"123456789012","subscriptionFilters":["example-filter"],"timestamp":1620678300}
{"id":"3","logGroup":"example-log-group","logStream":"example-log-stream","message":"Info: Application started successfully","messageType":"DATA_MESSAGE","owner":"123456789012","subscriptionFilters":["example-filter"],"timestamp":1620678400}
{"id":"4","logGroup":"example-log-group","logStream":"example-log-stream","message":"Error: Disk space running low","messageType":"DATA_MESSAGE","owner":"123456789012","subscriptionFilters":["example-filter"],"timestamp":1620678500}
{"id":"5","logGroup":"example-log-group","logStream":"example-log-stream","message":"Info: User 'admin' logged in","messageType":"DATA_MESSAGE","owner":"123456789012","subscriptionFilters":["example-filter"],"timestamp":1620678600}
{"id":"1","logGroup":"another-log-group","logStream":"another-log-stream","message":"Info: Server restarted","messageType":"DATA_MESSAGE","owner":"987654321098","subscriptionFilters":["filter-1","filter-2"],"timestamp":1620679200}
{"id":"2","logGroup":"another-log-group","logStream":"another-log-stream","message":"Error: Service crashed unexpectedly","messageType":"DATA_MESSAGE","owner":"987654321098","subscriptionFilters":["filter-1","filter-2"],"timestamp":1620679300}
{"id":"3","logGroup":"another-log-group","logStream":"another-log-stream","message":"Warning: Memory usage exceeding 90%","messageType":"DATA_MESSAGE","owner":"987654321098","subscriptionFilters":["filter-1","filter-2"],"timestamp":1620679400}
{"id":"4","logGroup":"another-log-group","logStream":"another-log-stream","message":"Info: New user registered","messageType":"DATA_MESSAGE","owner":"987654321098","subscriptionFilters":["filter-1","filter-2"],"timestamp":1620679500}
{"id":"5","logGroup":"another-log-group","logStream":"another-log-stream","message":"Error: Network connection lost","messageType":"DATA_MESSAGE","owner":"987654321098","subscriptionFilters":["filter-1","filter-2"],"timestamp":1620679600}
