{"version":"2","account-id":"123456789012","interface-id":"eni-0a200bd23e7ff5610","srcaddr":"-","dstaddr":"-","srcport":"-","dstport":"-","protocol":"-","packets":"-","bytes":"-","start":"1715309031","end":"1715309101","action":"-","log-status":"NODATA"}
{"version":"2","account-id":"123456789012","interface-id":"eni-0e300e04460f51c93","srcaddr":"-","dstaddr":"-","srcport":"-","dstport":"-","protocol":"-","packets":"-","bytes":"-","start":"1715309029","end":"1715309100","action":"-","log-status":"NODATA"}
{"version":"2","account-id":"123456789012","interface-id":"eni-0ad00e2d53896f30f","srcaddr":"-","dstaddr":"-","srcport":"-","dstport":"-","protocol":"-","packets":"-","bytes":"-","start":"1715309028","end":"1715309100","action":"-","log-status":"NODATA"}
{"version":"2","account-id":"123456789012","interface-id":"eni-0e100815a7794913b","srcaddr":"-","dstaddr":"-","srcport":"-","dstport":"-","protocol":"-","packets":"-","bytes":"-","start":"1715309031","end":"1715309101","action":"-","log-status":"NODATA"}
{"version":"2","account-id":"123456789012","interface-id":"eni-0c20026b9d22c2854","srcaddr":"-","dstaddr":"-","srcport":"-","dstport":"-","protocol":"-","packets":"-","bytes":"-","start":"1715309029","end":"1715309100","action":"-","log-status":"NODATA"}
{"version":"2","account-id":"123456789012","interface-id":"eni-00a0047a9b1cab273","srcaddr":"10.0.0.247","dstaddr":"10.0.2.37","srcport":"123","dstport":"44191","protocol":"17","packets":"1","bytes":"76","start":"1715309072","end":"1715309101","action":"ACCEPT","log-status":"OK"}
{"version":"2","account-id":"123456789012","interface-id":"eni-00a0047a9b1cab273","srcaddr":"127.125.190.58","dstaddr":"10.0.0.247","srcport":"123","dstport":"59738","protocol":"17","packets":"1","bytes":"76","start":"1715309072","end":"1715309101","action":"ACCEPT","log-status":"OK"}
{"version":"2","account-id":"123456789012","interface-id":"eni-00a0047a9b1cab273","srcaddr":"52.94.181.45","dstaddr":"10.0.0.247","srcport":"443","dstport":"19299","protocol":"6","packets":"4","bytes":"160","start":"1715309072","end":"1715309101","action":"ACCEPT","log-status":"OK"}
{"version":"2","account-id":"123456789012","interface-id":"eni-00a0047a9b1cab273","srcaddr":"127.203.211.84","dstaddr":"10.0.0.247","srcport":"50350","dstport":"37412","protocol":"6","packets":"1","bytes":"44","start":"1715309072","end":"1715309101","action":"ACCEPT","log-status":"OK"}
{"version":"2","account-id":"123456789012","interface-id":"eni-00a0047a9b1cab273","srcaddr":"10.0.0.247","dstaddr":"10.0.4.73","srcport":"443","dstport":"57770","protocol":"6","packets":"79","bytes":"7998","start":"1715309072","end":"1715309101","action":"ACCEPT","log-status":"OK"}
{"version":"2","account-id":"123456789012","interface-id":"eni-00a0047a9b1cab273","srcaddr":"127.203.211.173","dstaddr":"10.0.0.247","srcport":"57343","dstport":"46498","protocol":"6","packets":"1","bytes":"44","start":"1715309072","end":"1715309101","action":"ACCEPT","log-status":"OK"}
{"version":"2","account-id":"123456789012","interface-id":"eni-00a0047a9b1cab273","srcaddr":"10.0.0.247","dstaddr":"10.0.2.37","srcport":"443","dstport":"56020","protocol":"6","packets":"65","bytes":"12479","start":"1715309072","end":"1715309101","action":"ACCEPT","log-status":"OK"}
{"version":"2","account-id":"123456789012","interface-id":"eni-00a0047a9b1cab273","srcaddr":"127.49.1.80","dstaddr":"10.0.0.247","srcport":"43128","dstport":"81","protocol":"6","packets":"1","bytes":"40","start":"1715309072","end":"1715309101","action":"ACCEPT","log-status":"OK"}
{"version":"2","account-id":"123456789012","interface-id":"eni-00a0047a9b1cab273","srcaddr":"127.161.242.171","dstaddr":"10.0.0.247","srcport":"443","dstport":"3490","protocol":"6","packets":"87","bytes":"14908","start":"1715309072","end":"1715309101","action":"ACCEPT","log-status":"OK"}
